-228.76662095621236
-228.76849605595683
-228.77386814798598
-228.78204650630531
-228.79142382000063
-228.79897603691106
-228.80942675308285
-228.80299715118548
-228.78216454664573
-228.77132057718825
-228.76288131445156
-228.77105575917227
-228.78437351910080
-228.79631443733484
-228.80137101231000
-228.79805288278939
-228.78985421207406
-228.78091260137074
-228.77367782110318
-228.76892847884884
