-262.08521871975501
-262.08570097573897
-262.08708930402395
-262.08919123096609
-262.09160684244245
-262.09369530602743
-262.09767939120013
-262.10065592407238
-262.09352240784432
-262.08986081960671
-262.08750039754068
-262.08790043103693
-262.08979366516257
-262.09305535650270
-262.09553591395718
-262.09603334114792
-262.09474492726235
-262.09276054573007
-262.09081457226387
-262.08897425096546
